Archive member included to satisfy reference by file (symbol)

d:/program files/atmel/studio/7.0/toolchain/arm/arm-gnu-toolchain/bin/../lib/gcc/arm-none-eabi/6.3.1/../../../../arm-none-eabi/lib/thumb/v7e-m\libc_nano.a(lib_a-exit.o)
                              d:/program files/atmel/studio/7.0/toolchain/arm/arm-gnu-toolchain/bin/../lib/gcc/arm-none-eabi/6.3.1/../../../../arm-none-eabi/lib/thumb/v7e-m/crt0.o (exit)
d:/program files/atmel/studio/7.0/toolchain/arm/arm-gnu-toolchain/bin/../lib/gcc/arm-none-eabi/6.3.1/../../../../arm-none-eabi/lib/thumb/v7e-m\libc_nano.a(lib_a-impure.o)
                              d:/program files/atmel/studio/7.0/toolchain/arm/arm-gnu-toolchain/bin/../lib/gcc/arm-none-eabi/6.3.1/../../../../arm-none-eabi/lib/thumb/v7e-m\libc_nano.a(lib_a-exit.o) (_global_impure_ptr)
d:/program files/atmel/studio/7.0/toolchain/arm/arm-gnu-toolchain/bin/../lib/gcc/arm-none-eabi/6.3.1/../../../../arm-none-eabi/lib/thumb/v7e-m\libc_nano.a(lib_a-init.o)
                              d:/program files/atmel/studio/7.0/toolchain/arm/arm-gnu-toolchain/bin/../lib/gcc/arm-none-eabi/6.3.1/../../../../arm-none-eabi/lib/thumb/v7e-m/crt0.o (__libc_init_array)
d:/program files/atmel/studio/7.0/toolchain/arm/arm-gnu-toolchain/bin/../lib/gcc/arm-none-eabi/6.3.1/../../../../arm-none-eabi/lib/thumb/v7e-m\libc_nano.a(lib_a-memset.o)
                              d:/program files/atmel/studio/7.0/toolchain/arm/arm-gnu-toolchain/bin/../lib/gcc/arm-none-eabi/6.3.1/../../../../arm-none-eabi/lib/thumb/v7e-m/crt0.o (memset)
d:/program files/atmel/studio/7.0/toolchain/arm/arm-gnu-toolchain/bin/../lib/gcc/arm-none-eabi/6.3.1/../../../../arm-none-eabi/lib/thumb/v7e-m\libc_nano.a(lib_a-printf.o)
                              hal/utils/src/utils_syscalls.o (printf)
d:/program files/atmel/studio/7.0/toolchain/arm/arm-gnu-toolchain/bin/../lib/gcc/arm-none-eabi/6.3.1/../../../../arm-none-eabi/lib/thumb/v7e-m\libc_nano.a(lib_a-snprintf.o)
                              main.o (snprintf)
d:/program files/atmel/studio/7.0/toolchain/arm/arm-gnu-toolchain/bin/../lib/gcc/arm-none-eabi/6.3.1/../../../../arm-none-eabi/lib/thumb/v7e-m\libc_nano.a(lib_a-findfp.o)
                              d:/program files/atmel/studio/7.0/toolchain/arm/arm-gnu-toolchain/bin/../lib/gcc/arm-none-eabi/6.3.1/../../../../arm-none-eabi/lib/thumb/v7e-m\libc_nano.a(lib_a-printf.o) (__sinit)
d:/program files/atmel/studio/7.0/toolchain/arm/arm-gnu-toolchain/bin/../lib/gcc/arm-none-eabi/6.3.1/../../../../arm-none-eabi/lib/thumb/v7e-m\libc_nano.a(lib_a-fwalk.o)
                              d:/program files/atmel/studio/7.0/toolchain/arm/arm-gnu-toolchain/bin/../lib/gcc/arm-none-eabi/6.3.1/../../../../arm-none-eabi/lib/thumb/v7e-m\libc_nano.a(lib_a-findfp.o) (_fwalk)
d:/program files/atmel/studio/7.0/toolchain/arm/arm-gnu-toolchain/bin/../lib/gcc/arm-none-eabi/6.3.1/../../../../arm-none-eabi/lib/thumb/v7e-m\libc_nano.a(lib_a-nano-mallocr.o)
                              d:/program files/atmel/studio/7.0/toolchain/arm/arm-gnu-toolchain/bin/../lib/gcc/arm-none-eabi/6.3.1/../../../../arm-none-eabi/lib/thumb/v7e-m\libc_nano.a(lib_a-findfp.o) (_malloc_r)
d:/program files/atmel/studio/7.0/toolchain/arm/arm-gnu-toolchain/bin/../lib/gcc/arm-none-eabi/6.3.1/../../../../arm-none-eabi/lib/thumb/v7e-m\libc_nano.a(lib_a-nano-svfprintf.o)
                              d:/program files/atmel/studio/7.0/toolchain/arm/arm-gnu-toolchain/bin/../lib/gcc/arm-none-eabi/6.3.1/../../../../arm-none-eabi/lib/thumb/v7e-m\libc_nano.a(lib_a-snprintf.o) (_svfprintf_r)
d:/program files/atmel/studio/7.0/toolchain/arm/arm-gnu-toolchain/bin/../lib/gcc/arm-none-eabi/6.3.1/../../../../arm-none-eabi/lib/thumb/v7e-m\libc_nano.a(lib_a-nano-vfprintf.o)
                              d:/program files/atmel/studio/7.0/toolchain/arm/arm-gnu-toolchain/bin/../lib/gcc/arm-none-eabi/6.3.1/../../../../arm-none-eabi/lib/thumb/v7e-m\libc_nano.a(lib_a-printf.o) (_vfprintf_r)
d:/program files/atmel/studio/7.0/toolchain/arm/arm-gnu-toolchain/bin/../lib/gcc/arm-none-eabi/6.3.1/../../../../arm-none-eabi/lib/thumb/v7e-m\libc_nano.a(lib_a-nano-vfprintf_i.o)
                              d:/program files/atmel/studio/7.0/toolchain/arm/arm-gnu-toolchain/bin/../lib/gcc/arm-none-eabi/6.3.1/../../../../arm-none-eabi/lib/thumb/v7e-m\libc_nano.a(lib_a-nano-svfprintf.o) (_printf_i)
d:/program files/atmel/studio/7.0/toolchain/arm/arm-gnu-toolchain/bin/../lib/gcc/arm-none-eabi/6.3.1/../../../../arm-none-eabi/lib/thumb/v7e-m\libc_nano.a(lib_a-sbrkr.o)
                              d:/program files/atmel/studio/7.0/toolchain/arm/arm-gnu-toolchain/bin/../lib/gcc/arm-none-eabi/6.3.1/../../../../arm-none-eabi/lib/thumb/v7e-m\libc_nano.a(lib_a-nano-mallocr.o) (_sbrk_r)
d:/program files/atmel/studio/7.0/toolchain/arm/arm-gnu-toolchain/bin/../lib/gcc/arm-none-eabi/6.3.1/../../../../arm-none-eabi/lib/thumb/v7e-m\libc_nano.a(lib_a-stdio.o)
[...]
Memory Configuration

Name             Origin             Length             Attributes
rom              0x00400000         0x00200000         xr
ram              0x20400000         0x00060000         xrw
*default*        0x00000000         0xffffffff

Linker script and memory map

LOAD d:/program files/atmel/studio/7.0/toolchain/arm/arm-gnu-toolchain/bin/../lib/gcc/arm-none-eabi/6.3.1/thumb/v7e-m/crti.o
LOAD d:/program files/atmel/studio/7.0/toolchain/arm/arm-gnu-toolchain/bin/../lib/gcc/arm-none-eabi/6.3.1/thumb/v7e-m/crtbegin.o
LOAD d:/program files/atmel/studio/7.0/toolchain/arm/arm-gnu-toolchain/bin/../lib/gcc/arm-none-eabi/6.3.1/../../../../arm-none-eabi/lib/thumb/v7e-m/crt0.o
LOAD atmel_start.o
LOAD Device_Startup/startup_samv71q21b.o
LOAD Device_Startup/system_samv71q21b.o
LOAD driver_init.o
LOAD examples/driver_examples.o
LOAD hal/src/hal_atomic.o
LOAD hal/src/hal_delay.o
LOAD hal/src/hal_gpio.o
LOAD hal/src/hal_i2c_m_sync.o
LOAD hal/src/hal_init.o
LOAD hal/src/hal_io.o
LOAD hal/src/hal_sleep.o
LOAD hal/src/hal_usart_sync.o
LOAD hal/src/hal_wdt.o
LOAD hal/utils/src/utils_assert.o
LOAD hal/utils/src/utils_event.o
LOAD hal/utils/src/utils_list.o
LOAD hal/utils/src/utils_ringbuffer.o
LOAD hal/utils/src/utils_syscalls.o
LOAD hpl/core/hpl_core_m7_base.o
LOAD hpl/core/hpl_init.o
LOAD hpl/pmc/hpl_pmc.o
LOAD hpl/pmc/hpl_sleep.o
LOAD hpl/systick/hpl_systick_ARMv7_base.o
LOAD hpl/twihs/hpl_twihs.o
LOAD hpl/usart/hpl_usart.o
LOAD hpl/wdt/hpl_wdt.o
LOAD hpl/xdmac/hpl_xdmac.o
LOAD main.o
START GROUP
LOAD d:/program files/atmel/studio/7.0/toolchain/arm/arm-gnu-toolchain/bin/../lib/gcc/arm-none-eabi/6.3.1/../../../../arm-none-eabi/lib/thumb/v7e-m\libm.a
END GROUP
START GROUP
LOAD d:/program files/atmel/studio/7.0/toolchain/arm/arm-gnu-toolchain/bin/../lib/gcc/arm-none-eabi/6.3.1/thumb/v7e-m\libgcc.a
LOAD d:/program files/atmel/studio/7.0/toolchain/arm/arm-gnu-toolchain/bin/../lib/gcc/arm-none-eabi/6.3.1/../../../../arm-none-eabi/lib/thumb/v7e-m\libc_nano.a
END GROUP
START GROUP
LOAD d:/program files/atmel/studio/7.0/toolchain/arm/arm-gnu-toolchain/bin/../lib/gcc/arm-none-eabi/6.3.1/thumb/v7e-m\libgcc.a
LOAD d:/program files/atmel/studio/7.0/toolchain/arm/arm-gnu-toolchain/bin/../lib/gcc/arm-none-eabi/6.3.1/../../../../arm-none-eabi/lib/thumb/v7e-m\libc_nano.a
END GROUP
LOAD d:/program files/atmel/studio/7.0/toolchain/arm/arm-gnu-toolchain/bin/../lib/gcc/arm-none-eabi/6.3.1/thumb/v7e-m/crtend.o
LOAD d:/program files/atmel/studio/7.0/toolchain/arm/arm-gnu-toolchain/bin/../lib/gcc/arm-none-eabi/6.3.1/thumb/v7e-m/crtn.o
                0x00000400                STACK_SIZE = DEFINED (STACK_SIZE)?STACK_SIZE:DEFINED (__stack_size__)?__stack_size__:0x400
                0x00000200                HEAP_SIZE = DEFINED (HEAP_SIZE)?HEAP_SIZE:DEFINED (__heap_size__)?__heap_size__:0x200

.text           0x00400000     0x1958
                0x00400000                . = ALIGN (0x4)
                0x00400000                _sfixed = .
 *(.vectors .vectors.*)
 .vectors       0x00400000      0x168 Device_Startup/startup_samv71q21b.o
                0x00400000                exception_table
 *(.text .text.* .gnu.linkonce.t.*)
 .text          0x00400168       0x6c d:/program files/atmel/studio/7.0/toolchain/arm/arm-gnu-toolchain/bin/../lib/gcc/arm-none-eabi/6.3.1/thumb/v7e-m/crtbegin.o
 .text.atmel_start_init
                0x004001d4        0xc atmel_start.o
                0x004001d4                atmel_start_init
 .text.Dummy_Handler
                0x004001e0        0x2 Device_Startup/startup_samv71q21b.o
                0x004001e0                DACC_Handler
                0x004001e0                SVCall_Handler
                0x004001e0                UART3_Handler
                0x004001e0                UART2_Handler
                0x004001e0                TRNG_Handler
                0x004001e0                HardFault_Handler
                0x004001e0                TC2_Handler
                0x004001e0                SysTick_Handler
                0x004001e0                AFEC1_Handler
                0x004001e0                PendSV_Handler
                0x004001e0                TC7_Handler
                0x004001e0                QSPI_Handler
                0x004001e0                NonMaskableInt_Handler
                0x004001e0                ISI_Handler
                0x004001e0                MCAN0_INT0_Handler
                0x004001e0                TC9_Handler
                0x004001e0                RSWDT_Handler
                0x004001e0                USART0_Handler
                0x004001e0                RTT_Handler
                0x004001e0                USBHS_Handler
                0x004001e0                IXC_Handler
                0x004001e0                CCF_Handler
                0x004001e0                PIOB_Handler
                0x004001e0                RTC_Handler
                0x004001e0                UsageFault_Handler
                0x004001e0                TC6_Handler
                0x004001e0                WDT_Handler
                0x004001e0                MCAN1_INT1_Handler
                0x004001e0                TC4_Handler
                0x004001e0                TC1_Handler
                0x004001e0                HSMCI_Handler
                0x004001e0                UART1_Handler
                0x004001e0                TC3_Handler
                0x004001e0                Dummy_Handler
                0x004001e0                TWIHS1_Handler
                0x004001e0                XDMAC_Handler
                0x004001e0                UART4_Handler
                0x004001e0                PWM1_Handler
                0x004001e0                USART1_Handler
                0x004001e0                PWM0_Handler
                0x004001e0                PIOA_Handler
                0x004001e0                AFEC0_Handler
                0x004001e0                CCW_Handler
                0x004001e0                SSC_Handler
                0x004001e0                TC11_Handler
                0x004001e0                ACC_Handler
                0x004001e0                PMC_Handler
                0x004001e0                GMAC_Handler
                0x004001e0                MCAN0_INT1_Handler
                0x004001e0                GMAC_Q5_Handler
                0x004001e0                SUPC_Handler
                0x004001e0                TC8_Handler
                0x004001e0                MCAN1_INT0_Handler
                0x004001e0                EFC_Handler
                0x004001e0                GMAC_Q1_Handler
                0x004001e0                USART2_Handler
                0x004001e0                SDRAMC_Handler
                0x004001e0                GMAC_Q2_Handler
                0x004001e0                PIOE_Handler
                0x004001e0                SPI1_Handler
                0x004001e0                TC10_Handler
                0x004001e0                GMAC_Q3_Handler
                0x004001e0                PIOD_Handler
                0x004001e0                TWIHS2_Handler
                0x004001e0                MLB_Handler
                0x004001e0                I2SC0_Handler
                0x004001e0                UART0_Handler
                0x004001e0                I2SC1_Handler
                0x004001e0                PIOC_Handler
                0x004001e0                GMAC_Q4_Handler
                0x004001e0                FPU_Handler
                0x004001e0                BusFault_Handler
                0x004001e0                RSTC_Handler
                0x004001e0                TC0_Handler
                0x004001e0                MemoryManagement_Handler
                0x004001e0                DebugMonitor_Handler
                0x004001e0                TC5_Handler
                0x004001e0                ICM_Handler
                0x004001e0                AES_Handler
                0x004001e0                TWIHS0_Handler
                0x004001e0                SPI0_Handler
 *fill*         0x004001e2        0x2 
 .text.Reset_Handler
                0x004001e4       0x68 Device_Startup/startup_samv71q21b.o
                0x004001e4                Reset_Handler
 .text.I2C_0_PORT_init
                0x0040024c       0x30 driver_init.o
                0x0040024c                I2C_0_PORT_init
 .text.I2C_0_CLOCK_init
                0x0040027c       0x18 driver_init.o
                0x0040027c                I2C_0_CLOCK_init
 .text.I2C_0_init
                0x00400294       0x28 driver_init.o
                0x00400294                I2C_0_init
 .text.delay_driver_init
                0x004002bc       0x14 driver_init.o
                0x004002bc                delay_driver_init
 .text.SERIAL_PORT_init
                0x004002d0       0x4c driver_init.o
                0x004002d0                SERIAL_PORT_init
 .text.SERIAL_CLOCK_init
                0x0040031c       0x18 driver_init.o
                0x0040031c                SERIAL_CLOCK_init
 .text.SERIAL_init
                0x00400334       0x34 driver_init.o
                0x00400334                SERIAL_init
 .text.LED_0_init
                0x00400368       0x14 driver_init.o
                0x00400368                LED_0_init
 .text.system_init
                0x0040037c       0x3c driver_init.o
                0x0040037c                system_init
 .text.atomic_enter_critical
                0x004003b8        0xe hal/src/hal_atomic.o
                0x004003b8                atomic_enter_critical
 .text.atomic_leave_critical
                0x004003c6        0xc hal/src/hal_atomic.o
                0x004003c6                atomic_leave_critical
 *fill*         0x004003d2        0x2 
 .text.delay_init
                0x004003d4       0x14 hal/src/hal_delay.o
                0x004003d4                delay_init
 .text.delay_us
                0x004003e8       0x20 hal/src/hal_delay.o
                0x004003e8                delay_us
 .text.i2c_m_sync_write
                0x00400408       0x30 hal/src/hal_i2c_m_sync.o
 .text.i2c_m_sync_read
                0x00400438       0x30 hal/src/hal_i2c_m_sync.o
 .text.i2c_m_sync_init
                0x00400468       0x40 hal/src/hal_i2c_m_sync.o
                0x00400468                i2c_m_sync_init
 .text.i2c_m_sync_enable
                0x004004a8        0xc hal/src/hal_i2c_m_sync.o
                0x004004a8                i2c_m_sync_enable
 .text.i2c_m_sync_set_slaveaddr
                0x004004b4       0x10 hal/src/hal_i2c_m_sync.o
                0x004004b4                i2c_m_sync_set_slaveaddr
 .text.i2c_m_sync_cmd_write
                0x004004c4       0x50 hal/src/hal_i2c_m_sync.o
                0x004004c4                i2c_m_sync_cmd_write
 .text.i2c_m_sync_cmd_read
                0x00400514       0x50 hal/src/hal_i2c_m_sync.o
                0x00400514                i2c_m_sync_cmd_read
 .text.i2c_m_sync_get_io_descriptor
                0x00400564        0x8 hal/src/hal_i2c_m_sync.o
                0x00400564                i2c_m_sync_get_io_descriptor
 .text.io_write
                0x0040056c       0x30 hal/src/hal_io.o
                0x0040056c                io_write
 .text.usart_sync_write
                0x0040059c       0x70 hal/src/hal_usart_sync.o
 .text.usart_sync_read
                0x0040060c       0x60 hal/src/hal_usart_sync.o
 .text.usart_sync_init
                0x0040066c       0x48 hal/src/hal_usart_sync.o
                0x0040066c                usart_sync_init
 .text.usart_sync_enable
                0x004006b4       0x2c hal/src/hal_usart_sync.o
                0x004006b4                usart_sync_enable
 .text.usart_sync_get_io_descriptor
                0x004006e0       0x28 hal/src/hal_usart_sync.o
                0x004006e0                usart_sync_get_io_descriptor
 .text.usart_sync_is_tx_empty
                0x00400708       0x28 hal/src/hal_usart_sync.o
                0x00400708                usart_sync_is_tx_empty
 .text.assert   0x00400730        0x6 hal/utils/src/utils_assert.o
                0x00400730                assert
 *fill*         0x00400736        0x2 
 .text._sbrk    0x00400738       0x24 hal/utils/src/utils_syscalls.o
                0x00400738                _sbrk
 .text._get_cycles_for_us
                0x0040075c        0xa hpl/core/hpl_core_m7_base.o
                0x0040075c                _get_cycles_for_us
 *fill*         0x00400766        0x2 
 .text._init_chip
                0x00400768       0x54 hpl/core/hpl_init.o
                0x00400768                _init_chip
 .text._pmc_init_sources
                0x004007bc       0x50 hpl/pmc/hpl_pmc.o
 .text._pmc_init_master_clock
                0x0040080c       0x4c hpl/pmc/hpl_pmc.o
 .text._pmc_init
                0x00400858       0x14 hpl/pmc/hpl_pmc.o
                0x00400858                _pmc_init
 .text._system_time_init
                0x0040086c       0x14 hpl/systick/hpl_systick_ARMv7_base.o
                0x0040086c                _system_time_init
 .text._delay_init
                0x00400880        0xc hpl/systick/hpl_systick_ARMv7_base.o
                0x00400880                _delay_init
 .text._delay_cycles
                0x0040088c       0x40 hpl/systick/hpl_systick_ARMv7_base.o
                0x0040088c                _delay_cycles
 .text._get_i2cm_sync_cfg
                0x004008cc       0x38 hpl/twihs/hpl_twihs.o
 .text._i2c_m_sync_init
                0x00400904       0x48 hpl/twihs/hpl_twihs.o
                0x00400904                _i2c_m_sync_init
 .text._i2c_m_sync_enable
                0x0040094c       0x24 hpl/twihs/hpl_twihs.o
                0x0040094c                _i2c_m_sync_enable
 .text._i2c_m_sync_transfer
                0x00400970      0x168 hpl/twihs/hpl_twihs.o
                0x00400970                _i2c_m_sync_transfer
 .text._usart_get_hardware_index
                0x00400ad8       0x2c hpl/usart/hpl_usart.o
 .text._get_usart_index
                0x00400b04       0x54 hpl/usart/hpl_usart.o
 .text._usart_init
                0x00400b58       0x68 hpl/usart/hpl_usart.o
 .text._usart_sync_init
                0x00400bc0       0x38 hpl/usart/hpl_usart.o
                0x00400bc0                _usart_sync_init
 .text._usart_sync_enable
                0x00400bf8       0x34 hpl/usart/hpl_usart.o
                0x00400bf8                _usart_sync_enable
 .text._usart_sync_write_byte
                0x00400c2c       0x24 hpl/usart/hpl_usart.o
                0x00400c2c                _usart_sync_write_byte
 .text._usart_sync_read_byte
                0x00400c50       0x24 hpl/usart/hpl_usart.o
                0x00400c50                _usart_sync_read_byte
 .text._usart_sync_is_ready_to_send
                0x00400c74       0x28 hpl/usart/hpl_usart.o
                0x00400c74                _usart_sync_is_ready_to_send
 .text._usart_sync_is_transmit_done
                0x00400c9c       0x28 hpl/usart/hpl_usart.o
                0x00400c9c                _usart_sync_is_transmit_done
 .text._usart_sync_is_byte_received
                0x00400cc4       0x28 hpl/usart/hpl_usart.o
                0x00400cc4                _usart_sync_is_byte_received
 .text._usart_get_usart_sync
                0x00400cec        0x4 hpl/usart/hpl_usart.o
                0x00400cec                _usart_get_usart_sync
 .text.retrieve_voltage
                0x00400cf0       0x78 main.o
                0x00400cf0                retrieve_voltage
 .text.main     0x00400d68      0x108 main.o
                0x00400d68                main
 .text.__libc_init_array
                0x00400e70       0x48 d:/program files/atmel/studio/7.0/toolchain/arm/arm-gnu-toolchain/bin/../lib/gcc/arm-none-eabi/6.3.1/../../../../arm-none-eabi/lib/thumb/v7e-m\libc_nano.a(lib_a-init.o)
                0x00400e70                __libc_init_array
 .text.memset   0x00400eb8       0x10 d:/program files/atmel/studio/7.0/toolchain/arm/arm-gnu-toolchain/bin/../lib/gcc/arm-none-eabi/6.3.1/../../../../arm-none-eabi/lib/thumb/v7e-m\libc_nano.a(lib_a-memset.o)
                0x00400eb8                memset
 .text.snprintf
                0x00400ec8       0x68 d:/program files/atmel/studio/7.0/toolchain/arm/arm-gnu-toolchain/bin/../lib/gcc/arm-none-eabi/6.3.1/../../../../arm-none-eabi/lib/thumb/v7e-m\libc_nano.a(lib_a-snprintf.o)
                0x00400ec8                sniprintf
                0x00400ec8                snprintf
 .text._malloc_r
                0x00400f30       0xbc d:/program files/atmel/studio/7.0/toolchain/arm/arm-gnu-toolchain/bin/../lib/gcc/arm-none-eabi/6.3.1/../../../../arm-none-eabi/lib/thumb/v7e-m\libc_nano.a(lib_a-nano-mallocr.o)
                0x00400f30                _malloc_r
 .text.__ssputs_r
                0x00400fec       0xb6 d:/program files/atmel/studio/7.0/toolchain/arm/arm-gnu-toolchain/bin/../lib/gcc/arm-none-eabi/6.3.1/../../../../arm-none-eabi/lib/thumb/v7e-m\libc_nano.a(lib_a-nano-svfprintf.o)
                0x00400fec                __ssputs_r
 *fill*         0x004010a2        0x2 
 .text._svfprintf_r
                0x004010a4      0x1e8 d:/program files/atmel/studio/7.0/toolchain/arm/arm-gnu-toolchain/bin/../lib/gcc/arm-none-eabi/6.3.1/../../../../arm-none-eabi/lib/thumb/v7e-m\libc_nano.a(lib_a-nano-svfprintf.o)
                0x004010a4                _svfiprintf_r
                0x004010a4                _svfprintf_r
 .text._printf_common
                0x0040128c       0xec d:/program files/atmel/studio/7.0/toolchain/arm/arm-gnu-toolchain/bin/../lib/gcc/arm-none-eabi/6.3.1/../../../../arm-none-eabi/lib/thumb/v7e-m\libc_nano.a(lib_a-nano-vfprintf_i.o)
                0x0040128c                _printf_common
 .text._printf_i
                0x00401378      0x240 d:/program files/atmel/studio/7.0/toolchain/arm/arm-gnu-toolchain/bin/../lib/gcc/arm-none-eabi/6.3.1/../../../../arm-none-eabi/lib/thumb/v7e-m\libc_nano.a(lib_a-nano-vfprintf_i.o)
                0x00401378                _printf_i
 .text._sbrk_r  0x004015b8       0x20 d:/program files/atmel/studio/7.0/toolchain/arm/arm-gnu-toolchain/bin/../lib/gcc/arm-none-eabi/6.3.1/../../../../arm-none-eabi/lib/thumb/v7e-m\libc_nano.a(lib_a-sbrkr.o)
                0x004015b8                _sbrk_r
 *fill*         0x004015d8        0x8 
 .text          0x004015e0       0xa0 d:/program files/atmel/studio/7.0/toolchain/arm/arm-gnu-toolchain/bin/../lib/gcc/arm-none-eabi/6.3.1/../../../../arm-none-eabi/lib/thumb/v7e-m\libc_nano.a(lib_a-memchr.o)
                0x004015e0                memchr
 .text.memcpy   0x00401680       0x16 d:/program files/atmel/studio/7.0/toolchain/arm/arm-gnu-toolchain/bin/../lib/gcc/arm-none-eabi/6.3.1/../../../../arm-none-eabi/lib/thumb/v7e-m\libc_nano.a(lib_a-memcpy-stub.o)
                0x00401680                memcpy
 .text.memmove  0x00401696       0x34 d:/program files/atmel/studio/7.0/toolchain/arm/arm-gnu-toolchain/bin/../lib/gcc/arm-none-eabi/6.3.1/../../../../arm-none-eabi/lib/thumb/v7e-m\libc_nano.a(lib_a-memmove.o)
                0x00401696                memmove
 .text.__malloc_lock
                0x004016ca        0x2 d:/program files/atmel/studio/7.0/toolchain/arm/arm-gnu-toolchain/bin/../lib/gcc/arm-none-eabi/6.3.1/../../../../arm-none-eabi/lib/thumb/v7e-m\libc_nano.a(lib_a-mlock.o)
                0x004016ca                __malloc_lock
 .text.__malloc_unlock
                0x004016cc        0x2 d:/program files/atmel/studio/7.0/toolchain/arm/arm-gnu-toolchain/bin/../lib/gcc/arm-none-eabi/6.3.1/../../../../arm-none-eabi/lib/thumb/v7e-m\libc_nano.a(lib_a-mlock.o)
                0x004016cc                __malloc_unlock
 *fill*         0x004016ce        0x2 
 .text._free_r  0x004016d0       0x9c d:/program files/atmel/studio/7.0/toolchain/arm/arm-gnu-toolchain/bin/../lib/gcc/arm-none-eabi/6.3.1/../../../../arm-none-eabi/lib/thumb/v7e-m\libc_nano.a(lib_a-nano-freer.o)
                0x004016d0                _free_r
 .text._realloc_r
                0x0040176c       0x4c d:/program files/atmel/studio/7.0/toolchain/arm/arm-gnu-toolchain/bin/../lib/gcc/arm-none-eabi/6.3.1/../../../../arm-none-eabi/lib/thumb/v7e-m\libc_nano.a(lib_a-nano-reallocr.o)
                0x0040176c                _realloc_r
 .text._malloc_usable_size_r
                0x004017b8       0x12 d:/program files/atmel/studio/7.0/toolchain/arm/arm-gnu-toolchain/bin/../lib/gcc/arm-none-eabi/6.3.1/../../../../arm-none-eabi/lib/thumb/v7e-m\libc_nano.a(lib_a-nano-msizer.o)
                0x004017b8                _malloc_usable_size_r
 *(.glue_7t)
 .glue_7t       0x004017ca        0x0 linker stubs
 *(.glue_7)
 .glue_7        0x004017ca        0x0 linker stubs
 *(.rodata .rodata* .gnu.linkonce.r.*)
 *fill*         0x004017ca        0x2 
 .rodata.str1.4
                0x004017cc       0x1c hal/src/hal_i2c_m_sync.o
 .rodata.str1.4
                0x004017e8       0x14 hal/src/hal_io.o
 .rodata.str1.4
                0x004017fc       0x1c hal/src/hal_usart_sync.o
 .rodata        0x00401818       0x18 hpl/twihs/hpl_twihs.o
 .rodata.str1.4
                0x00401830       0x19 hpl/twihs/hpl_twihs.o
 *fill*         0x00401849        0x3 
 .rodata        0x0040184c        0xc hpl/usart/hpl_usart.o
 .rodata.str1.4
                0x00401858       0x19 hpl/usart/hpl_usart.o
 *fill*         0x00401871        0x3 
 .rodata.str1.4
                0x00401874       0x30 main.o
                                 0x2d (size before relaxing)
 .rodata.__sf_fake_stderr
                0x004018a4       0x20 d:/program files/atmel/studio/7.0/toolchain/arm/arm-gnu-toolchain/bin/../lib/gcc/arm-none-eabi/6.3.1/../../../../arm-none-eabi/lib/thumb/v7e-m\libc_nano.a(lib_a-findfp.o)
                0x004018a4                __sf_fake_stderr
 .rodata.__sf_fake_stdin
                0x004018c4       0x20 d:/program files/atmel/studio/7.0/toolchain/arm/arm-gnu-toolchain/bin/../lib/gcc/arm-none-eabi/6.3.1/../../../../arm-none-eabi/lib/thumb/v7e-m\libc_nano.a(lib_a-findfp.o)
                0x004018c4                __sf_fake_stdin
 .rodata.__sf_fake_stdout
                0x004018e4       0x20 d:/program files/atmel/studio/7.0/toolchain/arm/arm-gnu-toolchain/bin/../lib/gcc/arm-none-eabi/6.3.1/../../../../arm-none-eabi/lib/thumb/v7e-m\libc_nano.a(lib_a-findfp.o)
                0x004018e4                __sf_fake_stdout
 .rodata._svfprintf_r.str1.1
                0x00401904       0x11 d:/program files/atmel/studio/7.0/toolchain/arm/arm-gnu-toolchain/bin/../lib/gcc/arm-none-eabi/6.3.1/../../../../arm-none-eabi/lib/thumb/v7e-m\libc_nano.a(lib_a-nano-svfprintf.o)
 .rodata._printf_i.str1.1
                0x00401915       0x22 d:/program files/atmel/studio/7.0/toolchain/arm/arm-gnu-toolchain/bin/../lib/gcc/arm-none-eabi/6.3.1/../../../../arm-none-eabi/lib/thumb/v7e-m\libc_nano.a(lib_a-nano-vfprintf_i.o)
 *(.ARM.extab* .gnu.linkonce.armextab.*)
                0x00401938                . = ALIGN (0x4)
 *fill*         0x00401937        0x1 
 *(.init)
 .init          0x00401938        0x4 d:/program files/atmel/studio/7.0/toolchain/arm/arm-gnu-toolchain/bin/../lib/gcc/arm-none-eabi/6.3.1/thumb/v7e-m/crti.o
                0x00401938                _init
 .init          0x0040193c        0x8 d:/program files/atmel/studio/7.0/toolchain/arm/arm-gnu-toolchain/bin/../lib/gcc/arm-none-eabi/6.3.1/thumb/v7e-m/crtn.o
                0x00401944                . = ALIGN (0x4)
                0x00401944                __preinit_array_start = .
 *(.preinit_array)
                0x00401944                __preinit_array_end = .
                0x00401944                . = ALIGN (0x4)
                0x00401944                __init_array_start = .
 *(SORT(.init_array.*))
 *(.init_array)
 .init_array    0x00401944        0x4 d:/program files/atmel/studio/7.0/toolchain/arm/arm-gnu-toolchain/bin/../lib/gcc/arm-none-eabi/6.3.1/thumb/v7e-m/crtbegin.o
                0x00401948                __init_array_end = .
                0x00401948                . = ALIGN (0x4)
 *crtbegin.o(.ctors)
 *(EXCLUDE_FILE(*crtend.o) .ctors)
 *(SORT(.ctors.*))
 *crtend.o(.ctors)
                0x00401948                . = ALIGN (0x4)
 *(.fini)
 .fini          0x00401948        0x4 d:/program files/atmel/studio/7.0/toolchain/arm/arm-gnu-toolchain/bin/../lib/gcc/arm-none-eabi/6.3.1/thumb/v7e-m/crti.o
                0x00401948                _fini
 .fini          0x0040194c        0x8 d:/program files/atmel/studio/7.0/toolchain/arm/arm-gnu-toolchain/bin/../lib/gcc/arm-none-eabi/6.3.1/thumb/v7e-m/crtn.o
                0x00401954                . = ALIGN (0x4)
                0x00401954                __fini_array_start = .
 *(.fini_array)
 .fini_array    0x00401954        0x4 d:/program files/atmel/studio/7.0/toolchain/arm/arm-gnu-toolchain/bin/../lib/gcc/arm-none-eabi/6.3.1/thumb/v7e-m/crtbegin.o
 *(SORT(.fini_array.*))
                0x00401958                __fini_array_end = .
 *crtbegin.o(.dtors)
 *(EXCLUDE_FILE(*crtend.o) .dtors)
 *(SORT(.dtors.*))
 *crtend.o(.dtors)
                0x00401958                . = ALIGN (0x4)
                0x00401958                _efixed = .
                [!provide]                PROVIDE (__exidx_start, .)

.vfp11_veneer   0x00401958        0x0
 .vfp11_veneer  0x00401958        0x0 linker stubs

.v4_bx          0x00401958        0x0
 .v4_bx         0x00401958        0x0 linker stubs

.iplt           0x00401958        0x0
 .iplt          0x00401958        0x0 d:/program files/atmel/studio/7.0/toolchain/arm/arm-gnu-toolchain/bin/../lib/gcc/arm-none-eabi/6.3.1/thumb/v7e-m/crtbegin.o

.eh_frame       0x00401958        0x0
 .eh_frame      0x00401958        0x0 d:/program files/atmel/studio/7.0/toolchain/arm/arm-gnu-toolchain/bin/../lib/gcc/arm-none-eabi/6.3.1/thumb/v7e-m/crtbegin.o

.rel.dyn        0x00401958        0x0
 .rel.iplt      0x00401958        0x0 d:/program files/atmel/studio/7.0/toolchain/arm/arm-gnu-toolchain/bin/../lib/gcc/arm-none-eabi/6.3.1/thumb/v7e-m/crtbegin.o

.jcr            0x00401958        0x0
 .jcr           0x00401958        0x0 d:/program files/atmel/studio/7.0/toolchain/arm/arm-gnu-toolchain/bin/../lib/gcc/arm-none-eabi/6.3.1/thumb/v7e-m/crtbegin.o

.igot.plt       0x00401958        0x0
 .igot.plt      0x00401958        0x0 d:/program files/atmel/studio/7.0/toolchain/arm/arm-gnu-toolchain/bin/../lib/gcc/arm-none-eabi/6.3.1/thumb/v7e-m/crtbegin.o

.ARM.exidx
 *(.ARM.exidx* .gnu.linkonce.armexidx.*)
                [!provide]                PROVIDE (__exidx_end, .)
                0x00401958                . = ALIGN (0x4)
                0x00401958                _etext = .

.relocate       0x20400000       0x64 load address 0x00401958
                0x20400000                . = ALIGN (0x4)
                0x20400000                _srelocate = .
 *(.ramfunc .ramfunc.*)
 *(.data .data.*)
 .data._impure_ptr
                0x20400000        0x4 d:/program files/atmel/studio/7.0/toolchain/arm/arm-gnu-toolchain/bin/../lib/gcc/arm-none-eabi/6.3.1/../../../../arm-none-eabi/lib/thumb/v7e-m\libc_nano.a(lib_a-impure.o)
                0x20400000                _impure_ptr
 .data.impure_data
                0x20400004       0x60 d:/program files/atmel/studio/7.0/toolchain/arm/arm-gnu-toolchain/bin/../lib/gcc/arm-none-eabi/6.3.1/../../../../arm-none-eabi/lib/thumb/v7e-m\libc_nano.a(lib_a-impure.o)
                0x20400064                . = ALIGN (0x4)
                0x20400064                _erelocate = .

.bss            0x20400064       0x60 load address 0x004019bc
                0x20400064                . = ALIGN (0x4)
                0x20400064                _sbss = .
                0x20400064                _szero = .
 *(.bss .bss.*)
 .bss           0x20400064       0x1c d:/program files/atmel/studio/7.0/toolchain/arm/arm-gnu-toolchain/bin/../lib/gcc/arm-none-eabi/6.3.1/thumb/v7e-m/crtbegin.o
 .bss           0x20400080        0x4 hal/src/hal_delay.o
 .bss           0x20400084        0x4 hal/utils/src/utils_syscalls.o
 .bss.__malloc_free_list
                0x20400088        0x4 d:/program files/atmel/studio/7.0/toolchain/arm/arm-gnu-toolchain/bin/../lib/gcc/arm-none-eabi/6.3.1/../../../../arm-none-eabi/lib/thumb/v7e-m\libc_nano.a(lib_a-nano-mallocr.o)
                0x20400088                __malloc_free_list
 .bss.__malloc_sbrk_start
                0x2040008c        0x4 d:/program files/atmel/studio/7.0/toolchain/arm/arm-gnu-toolchain/bin/../lib/gcc/arm-none-eabi/6.3.1/../../../../arm-none-eabi/lib/thumb/v7e-m\libc_nano.a(lib_a-nano-mallocr.o)
                0x2040008c                __malloc_sbrk_start
 *(COMMON)
 COMMON         0x20400090       0x30 driver_init.o
                0x20400090                SERIAL
                0x2040009c                WDT_0
                0x204000a0                I2C_0
 COMMON         0x204000c0        0x4 d:/program files/atmel/studio/7.0/toolchain/arm/arm-gnu-toolchain/bin/../lib/gcc/arm-none-eabi/6.3.1/../../../../arm-none-eabi/lib/thumb/v7e-m\libc_nano.a(lib_a-reent.o)
                0x204000c0                errno
                0x204000c4                . = ALIGN (0x4)
                0x204000c4                _ebss = .
                0x204000c4                _ezero = .

.heap           0x204000c4      0x204 load address 0x00401a1c
                0x204000c8                . = ALIGN (0x8)
 *fill*         0x204000c4        0x4 
                0x204000c8                _sheap = .
                0x204002c8                . = (. + HEAP_SIZE)
 *fill*         0x204000c8      0x200 
                0x204002c8                . = ALIGN (0x8)
                0x204002c8                _eheap = .

.stack          0x204002c8      0x400 load address 0x00401c20
                0x204002c8                . = ALIGN (0x8)
                0x204002c8                _sstack = .
                0x204006c8                . = (. + STACK_SIZE)
 *fill*         0x204002c8      0x400 
                0x204006c8                . = ALIGN (0x8)
                0x204006c8                _estack = .
                0x204006c8                . = ALIGN (0x4)
                0x204006c8                _end = .
                0x2045ffff                _ram_end_ = ((ORIGIN (ram) + LENGTH (ram)) - 0x1)
OUTPUT(I2C_SERIAL.elf elf32-littlearm)

.ARM.attributes
                0x00000000       0x2e
 .ARM.attributes
                0x00000000       0x1e d:/program files/atmel/studio/7.0/toolchain/arm/arm-gnu-toolchain/bin/../lib/gcc/arm-none-eabi/6.3.1/thumb/v7e-m/crti.o
 .ARM.attributes
                0x0000001e       0x2e d:/program files/atmel/studio/7.0/toolchain/arm/arm-gnu-toolchain/bin/../lib/gcc/arm-none-eabi/6.3.1/thumb/v7e-m/crtbegin.o
 .ARM.attributes
                0x0000004c       0x37 atmel_start.o
 .ARM.attributes
                0x00000083       0x37 Device_Startup/startup_samv71q21b.o
 .ARM.attributes
                0x000000ba       0x37 driver_init.o
 .ARM.attributes
                0x000000f1       0x37 hal/src/hal_atomic.o
 .ARM.attributes
                0x00000128       0x37 hal/src/hal_delay.o
 .ARM.attributes
                0x0000015f       0x37 hal/src/hal_i2c_m_sync.o
 .ARM.attributes
                0x00000196       0x37 hal/src/hal_io.o
 .ARM.attributes
                0x000001cd       0x37 hal/src/hal_usart_sync.o
 .ARM.attributes
                0x00000204       0x37 hal/utils/src/utils_assert.o
 .ARM.attributes
                0x0000023b       0x37 hal/utils/src/utils_syscalls.o
 .ARM.attributes
                0x00000272       0x37 hpl/core/hpl_core_m7_base.o
 .ARM.attributes
                0x000002a9       0x37 hpl/core/hpl_init.o
 .ARM.attributes
                0x000002e0       0x37 hpl/pmc/hpl_pmc.o
 .ARM.attributes
                0x00000317       0x37 hpl/systick/hpl_systick_ARMv7_base.o
 .ARM.attributes
                0x0000034e       0x37 hpl/twihs/hpl_twihs.o
 .ARM.attributes
                0x00000385       0x37 hpl/usart/hpl_usart.o
 .ARM.attributes
                0x000003bc       0x37 main.o
 .ARM.attributes
                0x000003f3       0x2e d:/program files/atmel/studio/7.0/toolchain/arm/arm-gnu-toolchain/bin/../lib/gcc/arm-none-eabi/6.3.1/../../../../arm-none-eabi/lib/thumb/v7e-m\libc_nano.a(lib_a-impure.o)
 .ARM.attributes
                0x00000421       0x2e d:/program files/atmel/studio/7.0/toolchain/arm/arm-gnu-toolchain/bin/../lib/gcc/arm-none-eabi/6.3.1/../../../../arm-none-eabi/lib/thumb/v7e-m\libc_nano.a(lib_a-init.o)
 .ARM.attributes
                0x0000044f       0x2e d:/program files/atmel/studio/7.0/toolchain/arm/arm-gnu-toolchain/bin/../lib/gcc/arm-none-eabi/6.3.1/../../../../arm-none-eabi/lib/thumb/v7e-m\libc_nano.a(lib_a-memset.o)
 .ARM.attributes
                0x0000047d       0x2e d:/program files/atmel/studio/7.0/toolchain/arm/arm-gnu-toolchain/bin/../lib/gcc/arm-none-eabi/6.3.1/../../../../arm-none-eabi/lib/thumb/v7e-m\libc_nano.a(lib_a-snprintf.o)
 .ARM.attributes
                0x000004ab       0x2e d:/program files/atmel/studio/7.0/toolchain/arm/arm-gnu-toolchain/bin/../lib/gcc/arm-none-eabi/6.3.1/../../../../arm-none-eabi/lib/thumb/v7e-m\libc_nano.a(lib_a-findfp.o)
 .ARM.attributes
                0x000004d9       0x2e d:/program files/atmel/studio/7.0/toolchain/arm/arm-gnu-toolchain/bin/../lib/gcc/arm-none-eabi/6.3.1/../../../../arm-none-eabi/lib/thumb/v7e-m\libc_nano.a(lib_a-nano-mallocr.o)
 .ARM.attributes
                0x00000507       0x2e d:/program files/atmel/studio/7.0/toolchain/arm/arm-gnu-toolchain/bin/../lib/gcc/arm-none-eabi/6.3.1/../../../../arm-none-eabi/lib/thumb/v7e-m\libc_nano.a(lib_a-nano-svfprintf.o)
 .ARM.attributes
                0x00000535       0x2e d:/program files/atmel/studio/7.0/toolchain/arm/arm-gnu-toolchain/bin/../lib/gcc/arm-none-eabi/6.3.1/../../../../arm-none-eabi/lib/thumb/v7e-m\libc_nano.a(lib_a-nano-vfprintf_i.o)
 .ARM.attributes
                0x00000563       0x2e d:/program files/atmel/studio/7.0/toolchain/arm/arm-gnu-toolchain/bin/../lib/gcc/arm-none-eabi/6.3.1/../../../../arm-none-eabi/lib/thumb/v7e-m\libc_nano.a(lib_a-sbrkr.o)
 .ARM.attributes
                0x00000591       0x1c d:/program files/atmel/studio/7.0/toolchain/arm/arm-gnu-toolchain/bin/../lib/gcc/arm-none-eabi/6.3.1/../../../../arm-none-eabi/lib/thumb/v7e-m\libc_nano.a(lib_a-memchr.o)
 .ARM.attributes
                0x000005ad       0x2e d:/program files/atmel/studio/7.0/toolchain/arm/arm-gnu-toolchain/bin/../lib/gcc/arm-none-eabi/6.3.1/../../../../arm-none-eabi/lib/thumb/v7e-m\libc_nano.a(lib_a-memcpy-stub.o)
 .ARM.attributes
                0x000005db       0x2e d:/program files/atmel/studio/7.0/toolchain/arm/arm-gnu-toolchain/bin/../lib/gcc/arm-none-eabi/6.3.1/../../../../arm-none-eabi/lib/thumb/v7e-m\libc_nano.a(lib_a-memmove.o)
 .ARM.attributes
                0x00000609       0x2e d:/program files/atmel/studio/7.0/toolchain/arm/arm-gnu-toolchain/bin/../lib/gcc/arm-none-eabi/6.3.1/../../../../arm-none-eabi/lib/thumb/v7e-m\libc_nano.a(lib_a-mlock.o)
 .ARM.attributes
                0x00000637       0x2e d:/program files/atmel/studio/7.0/toolchain/arm/arm-gnu-toolchain/bin/../lib/gcc/arm-none-eabi/6.3.1/../../../../arm-none-eabi/lib/thumb/v7e-m\libc_nano.a(lib_a-nano-freer.o)
 .ARM.attributes
                0x00000665       0x2e d:/program files/atmel/studio/7.0/toolchain/arm/arm-gnu-toolchain/bin/../lib/gcc/arm-none-eabi/6.3.1/../../../../arm-none-eabi/lib/thumb/v7e-m\libc_nano.a(lib_a-nano-reallocr.o)
 .ARM.attributes
                0x00000693       0x2e d:/program files/atmel/studio/7.0/toolchain/arm/arm-gnu-toolchain/bin/../lib/gcc/arm-none-eabi/6.3.1/../../../../arm-none-eabi/lib/thumb/v7e-m\libc_nano.a(lib_a-reent.o)
 .ARM.attributes
                0x000006c1       0x2e d:/program files/atmel/studio/7.0/toolchain/arm/arm-gnu-toolchain/bin/../lib/gcc/arm-none-eabi/6.3.1/../../../../arm-none-eabi/lib/thumb/v7e-m\libc_nano.a(lib_a-nano-msizer.o)
 .ARM.attributes
                0x000006ef       0x1e d:/program files/atmel/studio/7.0/toolchain/arm/arm-gnu-toolchain/bin/../lib/gcc/arm-none-eabi/6.3.1/thumb/v7e-m/crtn.o

.comment        0x00000000       0x59
 .comment       0x00000000       0x59 atmel_start.o
                                 0x5a (size before relaxing)
 .comment       0x00000059       0x5a Device_Startup/startup_samv71q21b.o
 .comment       0x00000059       0x5a driver_init.o
 .comment       0x00000059       0x5a hal/src/hal_atomic.o
 .comment       0x00000059       0x5a hal/src/hal_delay.o
 .comment       0x00000059       0x5a hal/src/hal_i2c_m_sync.o
 .comment       0x00000059       0x5a hal/src/hal_io.o
 .comment       0x00000059       0x5a hal/src/hal_usart_sync.o
 .comment       0x00000059       0x5a hal/utils/src/utils_assert.o
 .comment       0x00000059       0x5a hal/utils/src/utils_syscalls.o
 .comment       0x00000059       0x5a hpl/core/hpl_core_m7_base.o
 .comment       0x00000059       0x5a hpl/core/hpl_init.o
 .comment       0x00000059       0x5a hpl/pmc/hpl_pmc.o
 .comment       0x00000059       0x5a hpl/systick/hpl_systick_ARMv7_base.o
 .comment       0x00000059       0x5a hpl/twihs/hpl_twihs.o
 .comment       0x00000059       0x5a hpl/usart/hpl_usart.o
 .comment       0x00000059       0x5a main.o

.debug_info     0x00000000     0xca2f
 .debug_info    0x00000000      0x34d atmel_start.o
 .debug_info    0x0000034d      0xb34 Device_Startup/startup_samv71q21b.o
 .debug_info    0x00000e81     0x1f08 driver_init.o
 .debug_info    0x00002d89      0x1fa hal/src/hal_atomic.o
 .debug_info    0x00002f83      0x205 hal/src/hal_delay.o
 .debug_info    0x00003188      0x89f hal/src/hal_i2c_m_sync.o
 .debug_info    0x00003a27      0x311 hal/src/hal_io.o
 .debug_info    0x00003d38      0xd3b hal/src/hal_usart_sync.o
 .debug_info    0x00004a73      0x130 hal/utils/src/utils_assert.o
 .debug_info    0x00004ba3      0xdca hal/utils/src/utils_syscalls.o
 .debug_info    0x0000596d      0xd3b hpl/core/hpl_core_m7_base.o
 .debug_info    0x000066a8      0x6be hpl/core/hpl_init.o
 .debug_info    0x00006d66      0x894 hpl/pmc/hpl_pmc.o
 .debug_info    0x000075fa      0x289 hpl/systick/hpl_systick_ARMv7_base.o
 .debug_info    0x00007883      0xe70 hpl/twihs/hpl_twihs.o
 .debug_info    0x000086f3     0x32b9 hpl/usart/hpl_usart.o
 .debug_info    0x0000b9ac     0x1083 main.o

.debug_abbrev   0x00000000     0x2089
 .debug_abbrev  0x00000000       0xf2 atmel_start.o
 .debug_abbrev  0x000000f2      0x153 Device_Startup/startup_samv71q21b.o
 .debug_abbrev  0x00000245      0x2e5 driver_init.o
 .debug_abbrev  0x0000052a      0x155 hal/src/hal_atomic.o
 .debug_abbrev  0x0000067f       0xf9 hal/src/hal_delay.o
 .debug_abbrev  0x00000778      0x1b7 hal/src/hal_i2c_m_sync.o
 .debug_abbrev  0x0000092f      0x12d hal/src/hal_io.o
 .debug_abbrev  0x00000a5c      0x22f hal/src/hal_usart_sync.o
 .debug_abbrev  0x00000c8b       0x9e hal/utils/src/utils_assert.o
 .debug_abbrev  0x00000d29      0x269 hal/utils/src/utils_syscalls.o
 .debug_abbrev  0x00000f92      0x293 hpl/core/hpl_core_m7_base.o
 .debug_abbrev  0x00001225      0x1e7 hpl/core/hpl_init.o
 .debug_abbrev  0x0000140c      0x1b7 hpl/pmc/hpl_pmc.o
 .debug_abbrev  0x000015c3      0x174 hpl/systick/hpl_systick_ARMv7_base.o
 .debug_abbrev  0x00001737      0x2b4 hpl/twihs/hpl_twihs.o
 .debug_abbrev  0x000019eb      0x42d hpl/usart/hpl_usart.o
 .debug_abbrev  0x00001e18      0x271 main.o

.debug_loc      0x00000000     0x463e
 .debug_loc     0x00000000       0x20 atmel_start.o
 .debug_loc     0x00000020       0x78 Device_Startup/startup_samv71q21b.o
 .debug_loc     0x00000098      0x372 driver_init.o
 .debug_loc     0x0000040a       0x13 hal/src/hal_atomic.o
 .debug_loc     0x0000041d       0xc3 hal/src/hal_delay.o
 .debug_loc     0x000004e0      0x764 hal/src/hal_i2c_m_sync.o
 .debug_loc     0x00000c44      0x132 hal/src/hal_io.o
 .debug_loc     0x00000d76      0x8b2 hal/src/hal_usart_sync.o
 .debug_loc     0x00001628      0x13b hal/utils/src/utils_syscalls.o
 .debug_loc     0x00001763      0x23a hpl/core/hpl_core_m7_base.o
 .debug_loc     0x0000199d       0x77 hpl/core/hpl_init.o
 .debug_loc     0x00001a14      0x204 hpl/pmc/hpl_pmc.o
 .debug_loc     0x00001c18      0x127 hpl/systick/hpl_systick_ARMv7_base.o
 .debug_loc     0x00001d3f      0x8ef hpl/twihs/hpl_twihs.o
 .debug_loc     0x0000262e     0x1f4a hpl/usart/hpl_usart.o
 .debug_loc     0x00004578       0xc6 main.o

.debug_aranges  0x00000000      0x650
 .debug_aranges
                0x00000000       0x20 atmel_start.o
 .debug_aranges
                0x00000020       0x28 Device_Startup/startup_samv71q21b.o
 .debug_aranges
                0x00000048       0x68 driver_init.o
 .debug_aranges
                0x000000b0       0x30 hal/src/hal_atomic.o
 .debug_aranges
                0x000000e0       0x38 hal/src/hal_delay.o
 .debug_aranges
                0x00000118       0x88 hal/src/hal_i2c_m_sync.o
 .debug_aranges
                0x000001a0       0x30 hal/src/hal_io.o
 .debug_aranges
                0x000001d0       0xa8 hal/src/hal_usart_sync.o
 .debug_aranges
                0x00000278       0x20 hal/utils/src/utils_assert.o
 .debug_aranges
                0x00000298       0x60 hal/utils/src/utils_syscalls.o
 .debug_aranges
                0x000002f8       0x70 hpl/core/hpl_core_m7_base.o
 .debug_aranges
                0x00000368       0x20 hpl/core/hpl_init.o
 .debug_aranges
                0x00000388       0x30 hpl/pmc/hpl_pmc.o
 .debug_aranges
                0x000003b8       0x48 hpl/systick/hpl_systick_ARMv7_base.o
 .debug_aranges
                0x00000400       0x60 hpl/twihs/hpl_twihs.o
 .debug_aranges
                0x00000460      0x1c8 hpl/usart/hpl_usart.o
 .debug_aranges
                0x00000628       0x28 main.o

.debug_ranges   0x00000000      0x578
 .debug_ranges  0x00000000       0x10 atmel_start.o
 .debug_ranges  0x00000010       0x18 Device_Startup/startup_samv71q21b.o
 .debug_ranges  0x00000028       0x58 driver_init.o
 .debug_ranges  0x00000080       0x20 hal/src/hal_atomic.o
 .debug_ranges  0x000000a0       0x28 hal/src/hal_delay.o
 .debug_ranges  0x000000c8       0x78 hal/src/hal_i2c_m_sync.o
 .debug_ranges  0x00000140       0x20 hal/src/hal_io.o
 .debug_ranges  0x00000160       0x98 hal/src/hal_usart_sync.o
 .debug_ranges  0x000001f8       0x10 hal/utils/src/utils_assert.o
 .debug_ranges  0x00000208       0x50 hal/utils/src/utils_syscalls.o
 .debug_ranges  0x00000258       0x60 hpl/core/hpl_core_m7_base.o
 .debug_ranges  0x000002b8       0x10 hpl/core/hpl_init.o
 .debug_ranges  0x000002c8       0x20 hpl/pmc/hpl_pmc.o
 .debug_ranges  0x000002e8       0x38 hpl/systick/hpl_systick_ARMv7_base.o
 .debug_ranges  0x00000320       0x88 hpl/twihs/hpl_twihs.o
 .debug_ranges  0x000003a8      0x1b8 hpl/usart/hpl_usart.o
 .debug_ranges  0x00000560       0x18 main.o

.debug_macro    0x00000000    0x3cf69
 .debug_macro   0x00000000      0x76b atmel_start.o
 .debug_macro   0x0000076b      0x8b0 atmel_start.o
 .debug_macro   0x0000101b      0x16d atmel_start.o
 .debug_macro   0x00001188       0x22 atmel_start.o
 .debug_macro   0x000011aa       0x87 atmel_start.o
 .debug_macro   0x00001231       0x51 atmel_start.o
 .debug_macro   0x00001282       0xef atmel_start.o
 .debug_macro   0x00001371       0x6a atmel_start.o
 .debug_macro   0x000013db      0x1df atmel_start.o
 .debug_macro   0x000015ba       0x22 atmel_start.o
 .debug_macro   0x000015dc       0xd7 atmel_start.o
 .debug_macro   0x000016b3       0x1c atmel_start.o
 .debug_macro   0x000016cf       0x22 atmel_start.o
 .debug_macro   0x000016f1       0xdf atmel_start.o
 .debug_macro   0x000017d0     0x12cd atmel_start.o
 .debug_macro   0x00002a9d      0x11f atmel_start.o
 .debug_macro   0x00002bbc       0x19 atmel_start.o
 .debug_macro   0x00002bd5      0x3e2 atmel_start.o
 .debug_macro   0x00002fb7      0x5a9 atmel_start.o
 .debug_macro   0x00003560     0x1797 atmel_start.o
 .debug_macro   0x00004cf7      0x3bb atmel_start.o
 .debug_macro   0x000050b2      0x830 atmel_start.o
 .debug_macro   0x000058e2      0x316 atmel_start.o
 .debug_macro   0x00005bf8     0x269d atmel_start.o
 .debug_macro   0x00008295       0x40 atmel_start.o
 .debug_macro   0x000082d5     0x105e atmel_start.o
 .debug_macro   0x00009333      0x60b atmel_start.o
 .debug_macro   0x0000993e      0x555 atmel_start.o
 .debug_macro   0x00009e93      0xb8f atmel_start.o
 .debug_macro   0x0000aa22      0x62e atmel_start.o
 .debug_macro   0x0000b050     0x3ac9 atmel_start.o
 .debug_macro   0x0000eb19      0x6bf atmel_start.o
 .debug_macro   0x0000f1d8     0x83ff atmel_start.o
 .debug_macro   0x000175d7     0x326e atmel_start.o
 .debug_macro   0x0001a845     0x24d0 atmel_start.o
 .debug_macro   0x0001cd15      0x87f atmel_start.o
 .debug_macro   0x0001d594      0x17d atmel_start.o
 .debug_macro   0x0001d711      0x118 atmel_start.o
 .debug_macro   0x0001d829      0x909 atmel_start.o
 .debug_macro   0x0001e132      0x125 atmel_start.o
 .debug_macro   0x0001e257      0x503 atmel_start.o
 .debug_macro   0x0001e75a      0x3e0 atmel_start.o
 .debug_macro   0x0001eb3a      0x709 atmel_start.o
 .debug_macro   0x0001f243      0xb64 atmel_start.o
 .debug_macro   0x0001fda7      0xf03 atmel_start.o
 .debug_macro   0x00020caa      0xff2 atmel_start.o
 .debug_macro   0x00021c9c      0x1a8 atmel_start.o
 .debug_macro   0x00021e44      0x124 atmel_start.o
 .debug_macro   0x00021f68      0xbc2 atmel_start.o
 .debug_macro   0x00022b2a      0x5c5 atmel_start.o
 .debug_macro   0x000230ef     0x1afb atmel_start.o
 .debug_macro   0x00024bea      0x664 atmel_start.o
 .debug_macro   0x0002524e     0x41a7 atmel_start.o
 .debug_macro   0x000293f5      0x64f atmel_start.o
 .debug_macro   0x00029a44       0xc4 atmel_start.o
 .debug_macro   0x00029b08      0x12d atmel_start.o
 .debug_macro   0x00029c35     0x2a5f atmel_start.o
 .debug_macro   0x0002c694       0x7c atmel_start.o
 .debug_macro   0x0002c710      0x14e atmel_start.o
 .debug_macro   0x0002c85e       0xf4 atmel_start.o
 .debug_macro   0x0002c952       0xf4 atmel_start.o
 .debug_macro   0x0002ca46       0x16 atmel_start.o
 .debug_macro   0x0002ca5c       0x7c atmel_start.o
 .debug_macro   0x0002cad8       0x40 atmel_start.o
 .debug_macro   0x0002cb18      0x623 atmel_start.o
 .debug_macro   0x0002d13b       0x40 atmel_start.o
 .debug_macro   0x0002d17b      0x7ce atmel_start.o
 .debug_macro   0x0002d949       0x6a atmel_start.o
 .debug_macro   0x0002d9b3       0x6a atmel_start.o
 .debug_macro   0x0002da1d       0x88 atmel_start.o
 .debug_macro   0x0002daa5       0xac atmel_start.o
 .debug_macro   0x0002db51      0x142 atmel_start.o
 .debug_macro   0x0002dc93      0x138 atmel_start.o
 .debug_macro   0x0002ddcb      0x138 atmel_start.o
 .debug_macro   0x0002df03       0xee atmel_start.o
 .debug_macro   0x0002dff1      0x187 atmel_start.o
 .debug_macro   0x0002e178      0x180 atmel_start.o
 .debug_macro   0x0002e2f8      0x180 atmel_start.o
 .debug_macro   0x0002e478      0x180 atmel_start.o
 .debug_macro   0x0002e5f8      0x180 atmel_start.o
 .debug_macro   0x0002e778      0x121 atmel_start.o
 .debug_macro   0x0002e899      0x352 atmel_start.o
 .debug_macro   0x0002ebeb      0x352 atmel_start.o
 .debug_macro   0x0002ef3d       0x82 atmel_start.o
 .debug_macro   0x0002efbf       0x22 atmel_start.o
 .debug_macro   0x0002efe1       0x22 atmel_start.o
 .debug_macro   0x0002f003       0x58 atmel_start.o
 .debug_macro   0x0002f05b       0x28 atmel_start.o
 .debug_macro   0x0002f083       0x64 atmel_start.o
 .debug_macro   0x0002f0e7       0x94 atmel_start.o
 .debug_macro   0x0002f17b       0x7c atmel_start.o
 .debug_macro   0x0002f1f7       0x7c atmel_start.o
 .debug_macro   0x0002f273       0x8e atmel_start.o
 .debug_macro   0x0002f301       0x34 atmel_start.o
 .debug_macro   0x0002f335      0x1a8 atmel_start.o
 .debug_macro   0x0002f4dd      0x1a8 atmel_start.o
 .debug_macro   0x0002f685      0x1a8 atmel_start.o
 .debug_macro   0x0002f82d      0x1a8 atmel_start.o
 .debug_macro   0x0002f9d5       0x3a atmel_start.o
 .debug_macro   0x0002fa0f       0x82 atmel_start.o
 .debug_macro   0x0002fa91       0x82 atmel_start.o
 .debug_macro   0x0002fb13       0x82 atmel_start.o
 .debug_macro   0x0002fb95       0x70 atmel_start.o
 .debug_macro   0x0002fc05       0x70 atmel_start.o
 .debug_macro   0x0002fc75       0x70 atmel_start.o
 .debug_macro   0x0002fce5       0x70 atmel_start.o
 .debug_macro   0x0002fd55       0x70 atmel_start.o
 .debug_macro   0x0002fdc5       0xf4 atmel_start.o
 .debug_macro   0x0002feb9       0xf4 atmel_start.o
 .debug_macro   0x0002ffad       0xf4 atmel_start.o
 .debug_macro   0x000300a1      0x71f atmel_start.o
 .debug_macro   0x000307c0       0x16 atmel_start.o
 .debug_macro   0x000307d6       0x22 atmel_start.o
 .debug_macro   0x000307f8      0x9bf atmel_start.o
 .debug_macro   0x000311b7      0x59f atmel_start.o
 .debug_macro   0x00031756     0x2879 atmel_start.o
 .debug_macro   0x00033fcf      0x169 atmel_start.o
 .debug_macro   0x00034138       0x10 atmel_start.o
 .debug_macro   0x00034148       0x10 atmel_start.o
 .debug_macro   0x00034158       0x16 atmel_start.o
 .debug_macro   0x0003416e       0x16 atmel_start.o
 .debug_macro   0x00034184       0x16 atmel_start.o
 .debug_macro   0x0003419a       0x16 atmel_start.o
 .debug_macro   0x000341b0       0x16 atmel_start.o
 .debug_macro   0x000341c6       0x16 atmel_start.o
 .debug_macro   0x000341dc       0x16 atmel_start.o
 .debug_macro   0x000341f2       0x16 atmel_start.o
 .debug_macro   0x00034208       0x16 atmel_start.o
 .debug_macro   0x0003421e       0x16 atmel_start.o
 .debug_macro   0x00034234       0x16 atmel_start.o
 .debug_macro   0x0003424a       0x16 atmel_start.o
 .debug_macro   0x00034260       0x16 atmel_start.o
 .debug_macro   0x00034276       0x16 atmel_start.o
 .debug_macro   0x0003428c       0x16 atmel_start.o
 .debug_macro   0x000342a2       0x16 atmel_start.o
 .debug_macro   0x000342b8       0x16 atmel_start.o
 .debug_macro   0x000342ce       0x16 atmel_start.o
 .debug_macro   0x000342e4       0x16 atmel_start.o
 .debug_macro   0x000342fa       0x16 atmel_start.o
 .debug_macro   0x00034310       0x16 atmel_start.o
 .debug_macro   0x00034326       0x16 atmel_start.o
 .debug_macro   0x0003433c       0x16 atmel_start.o
 .debug_macro   0x00034352       0x16 atmel_start.o
 .debug_macro   0x00034368       0x16 atmel_start.o
 .debug_macro   0x0003437e       0x16 atmel_start.o
 .debug_macro   0x00034394       0x16 atmel_start.o
 .debug_macro   0x000343aa      0x27e atmel_start.o
 .debug_macro   0x00034628       0x16 atmel_start.o
 .debug_macro   0x0003463e       0x16 atmel_start.o
 .debug_macro   0x00034654       0x16 atmel_start.o
 .debug_macro   0x0003466a      0x373 atmel_start.o
 .debug_macro   0x000349dd       0xa9 atmel_start.o
 .debug_macro   0x00034a86       0x16 atmel_start.o
 .debug_macro   0x00034a9c       0x16 atmel_start.o
 .debug_macro   0x00034ab2       0x16 atmel_start.o
 .debug_macro   0x00034ac8       0xca atmel_start.o
 .debug_macro   0x00034b92       0x1c atmel_start.o
 .debug_macro   0x00034bae       0x16 atmel_start.o
 .debug_macro   0x00034bc4       0x3a atmel_start.o
 .debug_macro   0x00034bfe       0x70 atmel_start.o
 .debug_macro   0x00034c6e      0x49c Device_Startup/startup_samv71q21b.o
 .debug_macro   0x0003510a       0xd1 Device_Startup/startup_samv71q21b.o
 .debug_macro   0x000351db      0x79d driver_init.o
 .debug_macro   0x00035978       0x10 driver_init.o
 .debug_macro   0x00035988       0x4c driver_init.o
 .debug_macro   0x000359d4       0xc9 driver_init.o
 .debug_macro   0x00035a9d      0x669 hal/src/hal_atomic.o
 .debug_macro   0x00036106      0x6a0 hal/src/hal_delay.o
 .debug_macro   0x000367a6      0x6a9 hal/src/hal_i2c_m_sync.o
 .debug_macro   0x00036e4f       0x6a hal/src/hal_i2c_m_sync.o
 .debug_macro   0x00036eb9      0x67e hal/src/hal_io.o
 .debug_macro   0x00037537      0x6a9 hal/src/hal_usart_sync.o
 .debug_macro   0x00037be0      0x673 hal/utils/src/utils_assert.o
 .debug_macro   0x00038253       0x10 hal/utils/src/utils_assert.o
 .debug_macro   0x00038263      0x1d6 hal/utils/src/utils_syscalls.o
 .debug_macro   0x00038439       0x52 hal/utils/src/utils_syscalls.o
 .debug_macro   0x0003848b       0x8d hal/utils/src/utils_syscalls.o
 .debug_macro   0x00038518       0x16 hal/utils/src/utils_syscalls.o
 .debug_macro   0x0003852e       0x57 hal/utils/src/utils_syscalls.o
 .debug_macro   0x00038585       0x97 hal/utils/src/utils_syscalls.o
 .debug_macro   0x0003861c      0x353 hal/utils/src/utils_syscalls.o
 .debug_macro   0x0003896f       0xf6 hal/utils/src/utils_syscalls.o
 .debug_macro   0x00038a65       0x10 hal/utils/src/utils_syscalls.o
 .debug_macro   0x00038a75       0x10 hal/utils/src/utils_syscalls.o
 .debug_macro   0x00038a85       0x1c hal/utils/src/utils_syscalls.o
 .debug_macro   0x00038aa1       0x52 hal/utils/src/utils_syscalls.o
 .debug_macro   0x00038af3       0x40 hal/utils/src/utils_syscalls.o
 .debug_macro   0x00038b33       0x10 hal/utils/src/utils_syscalls.o
 .debug_macro   0x00038b43       0x40 hal/utils/src/utils_syscalls.o
 .debug_macro   0x00038b83       0xd7 hal/utils/src/utils_syscalls.o
 .debug_macro   0x00038c5a       0x16 hal/utils/src/utils_syscalls.o
 .debug_macro   0x00038c70      0x18b hal/utils/src/utils_syscalls.o
 .debug_macro   0x00038dfb       0x4c hal/utils/src/utils_syscalls.o
 .debug_macro   0x00038e47       0x16 hal/utils/src/utils_syscalls.o
 .debug_macro   0x00038e5d       0x10 hal/utils/src/utils_syscalls.o
 .debug_macro   0x00038e6d       0x10 hal/utils/src/utils_syscalls.o
 .debug_macro   0x00038e7d       0x35 hal/utils/src/utils_syscalls.o
 .debug_macro   0x00038eb2      0x122 hal/utils/src/utils_syscalls.o
 .debug_macro   0x00038fd4      0x6c9 hpl/core/hpl_core_m7_base.o
 .debug_macro   0x0003969d      0x6e1 hpl/core/hpl_init.o
 .debug_macro   0x00039d7e      0x324 hpl/core/hpl_init.o
 .debug_macro   0x0003a0a2      0x9df hpl/core/hpl_init.o
 .debug_macro   0x0003aa81      0x692 hpl/pmc/hpl_pmc.o
 .debug_macro   0x0003b113      0x678 hpl/systick/hpl_systick_ARMv7_base.o
 .debug_macro   0x0003b78b       0x10 hpl/systick/hpl_systick_ARMv7_base.o
 .debug_macro   0x0003b79b      0x6a1 hpl/twihs/hpl_twihs.o
 .debug_macro   0x0003be3c       0x84 hpl/twihs/hpl_twihs.o
 .debug_macro   0x0003bec0      0x6d9 hpl/usart/hpl_usart.o
 .debug_macro   0x0003c599       0x9f hpl/usart/hpl_usart.o
 .debug_macro   0x0003c638      0x931 main.o

.debug_line     0x00000000     0xd986
 .debug_line    0x00000000      0xd66 atmel_start.o
 .debug_line    0x00000d66      0x8c4 Device_Startup/startup_samv71q21b.o
 .debug_line    0x0000162a      0xede driver_init.o
 .debug_line    0x00002508      0xc3c hal/src/hal_atomic.o
 .debug_line    0x00003144      0xc70 hal/src/hal_delay.o
 .debug_line    0x00003db4      0xd63 hal/src/hal_i2c_m_sync.o
 .debug_line    0x00004b17      0xc34 hal/src/hal_io.o
 .debug_line    0x0000574b      0xddd hal/src/hal_usart_sync.o
 .debug_line    0x00006528      0xc11 hal/utils/src/utils_assert.o
 .debug_line    0x00007139      0x3f2 hal/utils/src/utils_syscalls.o
 .debug_line    0x0000752b      0xd98 hpl/core/hpl_core_m7_base.o
 .debug_line    0x000082c3      0xcf7 hpl/core/hpl_init.o
 .debug_line    0x00008fba      0xd02 hpl/pmc/hpl_pmc.o
 .debug_line    0x00009cbc      0xcab hpl/systick/hpl_systick_ARMv7_base.o
 .debug_line    0x0000a967      0xe89 hpl/twihs/hpl_twihs.o
 .debug_line    0x0000b7f0     0x12e7 hpl/usart/hpl_usart.o
 .debug_line    0x0000cad7      0xeaf main.o

.debug_str      0x00000000   0x145e64
 .debug_str     0x00000000   0x13a37d atmel_start.o
                             0x13ad12 (size before relaxing)
 .debug_str     0x0013a37d      0x78d Device_Startup/startup_samv71q21b.o
                             0x1353c3 (size before relaxing)
 .debug_str     0x0013ab0a     0x10bf driver_init.o
                             0x13be33 (size before relaxing)
 .debug_str     0x0013bbc9       0xb7 hal/src/hal_atomic.o
                             0x13a77b (size before relaxing)
 .debug_str     0x0013bc80       0x9b hal/src/hal_delay.o
                             0x13a7e5 (size before relaxing)
 .debug_str     0x0013bd1b      0x14f hal/src/hal_i2c_m_sync.o
                             0x13b06c (size before relaxing)
 .debug_str     0x0013be6a       0x3d hal/src/hal_io.o
                             0x13a816 (size before relaxing)
 .debug_str     0x0013bea7      0x49e hal/src/hal_usart_sync.o
                             0x13b2b6 (size before relaxing)
 .debug_str     0x0013c345       0x2a hal/utils/src/utils_assert.o
                             0x13a78b (size before relaxing)
 .debug_str     0x0013c36f     0x4512 hal/utils/src/utils_syscalls.o
                               0x73aa (size before relaxing)
 .debug_str     0x00140881      0x5eb hpl/core/hpl_core_m7_base.o
                             0x13b5b4 (size before relaxing)
 .debug_str     0x00140e6c     0x3073 hpl/core/hpl_init.o
                             0x13dbe6 (size before relaxing)
 .debug_str     0x00143edf      0x1d6 hpl/pmc/hpl_pmc.o
                             0x13b816 (size before relaxing)
 .debug_str     0x001440b5       0xde hpl/systick/hpl_systick_ARMv7_base.o
                             0x13a7e4 (size before relaxing)
 .debug_str     0x00144193      0x780 hpl/twihs/hpl_twihs.o
                             0x13b816 (size before relaxing)
 .debug_str     0x00144913     0x12a2 hpl/usart/hpl_usart.o
                             0x13ca3a (size before relaxing)
 .debug_str     0x00145bb5      0x2af main.o
                             0x13eea9 (size before relaxing)

.debug_frame    0x00000000     0x1398
 .debug_frame   0x00000000       0x28 atmel_start.o
 .debug_frame   0x00000028       0x38 Device_Startup/startup_samv71q21b.o
 .debug_frame   0x00000060       0xd8 driver_init.o
 .debug_frame   0x00000138       0x40 hal/src/hal_atomic.o
 .debug_frame   0x00000178       0x68 hal/src/hal_delay.o
 .debug_frame   0x000001e0      0x174 hal/src/hal_i2c_m_sync.o
 .debug_frame   0x00000354       0x58 hal/src/hal_io.o
 .debug_frame   0x000003ac      0x1f0 hal/src/hal_usart_sync.o
 .debug_frame   0x0000059c       0x20 hal/utils/src/utils_assert.o
 .debug_frame   0x000005bc       0xa8 hal/utils/src/utils_syscalls.o
 .debug_frame   0x00000664       0xcc hpl/core/hpl_core_m7_base.o
 .debug_frame   0x00000730       0x2c hpl/core/hpl_init.o
 .debug_frame   0x0000075c       0x48 hpl/pmc/hpl_pmc.o
 .debug_frame   0x000007a4       0x78 hpl/systick/hpl_systick_ARMv7_base.o
 .debug_frame   0x0000081c       0xf8 hpl/twihs/hpl_twihs.o
 .debug_frame   0x00000914      0x594 hpl/usart/hpl_usart.o
 .debug_frame   0x00000ea8       0x54 main.o
 .debug_frame   0x00000efc       0x2c d:/program files/atmel/studio/7.0/toolchain/arm/arm-gnu-toolchain/bin/../lib/gcc/arm-none-eabi/6.3.1/../../../../arm-none-eabi/lib/thumb/v7e-m\libc_nano.a(lib_a-init.o)
 .debug_frame   0x00000f28       0x20 d:/program files/atmel/studio/7.0/toolchain/arm/arm-gnu-toolchain/bin/../lib/gcc/arm-none-eabi/6.3.1/../../../../arm-none-eabi/lib/thumb/v7e-m\libc_nano.a(lib_a-memset.o)
 .debug_frame   0x00000f48       0x7c d:/program files/atmel/studio/7.0/toolchain/arm/arm-gnu-toolchain/bin/../lib/gcc/arm-none-eabi/6.3.1/../../../../arm-none-eabi/lib/thumb/v7e-m\libc_nano.a(lib_a-snprintf.o)
 .debug_frame   0x00000fc4      0x11c d:/program files/atmel/studio/7.0/toolchain/arm/arm-gnu-toolchain/bin/../lib/gcc/arm-none-eabi/6.3.1/../../../../arm-none-eabi/lib/thumb/v7e-m\libc_nano.a(lib_a-findfp.o)
 .debug_frame   0x000010e0       0x2c d:/program files/atmel/studio/7.0/toolchain/arm/arm-gnu-toolchain/bin/../lib/gcc/arm-none-eabi/6.3.1/../../../../arm-none-eabi/lib/thumb/v7e-m\libc_nano.a(lib_a-nano-mallocr.o)
 .debug_frame   0x0000110c       0x90 d:/program files/atmel/studio/7.0/toolchain/arm/arm-gnu-toolchain/bin/../lib/gcc/arm-none-eabi/6.3.1/../../../../arm-none-eabi/lib/thumb/v7e-m\libc_nano.a(lib_a-nano-svfprintf.o)
 .debug_frame   0x0000119c       0x60 d:/program files/atmel/studio/7.0/toolchain/arm/arm-gnu-toolchain/bin/../lib/gcc/arm-none-eabi/6.3.1/../../../../arm-none-eabi/lib/thumb/v7e-m\libc_nano.a(lib_a-nano-vfprintf_i.o)
 .debug_frame   0x000011fc       0x2c d:/program files/atmel/studio/7.0/toolchain/arm/arm-gnu-toolchain/bin/../lib/gcc/arm-none-eabi/6.3.1/../../../../arm-none-eabi/lib/thumb/v7e-m\libc_nano.a(lib_a-sbrkr.o)
 .debug_frame   0x00001228       0x28 d:/program files/atmel/studio/7.0/toolchain/arm/arm-gnu-toolchain/bin/../lib/gcc/arm-none-eabi/6.3.1/../../../../arm-none-eabi/lib/thumb/v7e-m\libc_nano.a(lib_a-memcpy-stub.o)
 .debug_frame   0x00001250       0x28 d:/program files/atmel/studio/7.0/toolchain/arm/arm-gnu-toolchain/bin/../lib/gcc/arm-none-eabi/6.3.1/../../../../arm-none-eabi/lib/thumb/v7e-m\libc_nano.a(lib_a-memmove.o)
 .debug_frame   0x00001278       0x30 d:/program files/atmel/studio/7.0/toolchain/arm/arm-gnu-toolchain/bin/../lib/gcc/arm-none-eabi/6.3.1/../../../../arm-none-eabi/lib/thumb/v7e-m\libc_nano.a(lib_a-mlock.o)
 .debug_frame   0x000012a8       0x38 d:/program files/atmel/studio/7.0/toolchain/arm/arm-gnu-toolchain/bin/../lib/gcc/arm-none-eabi/6.3.1/../../../../arm-none-eabi/lib/thumb/v7e-m\libc_nano.a(lib_a-nano-freer.o)
 .debug_frame   0x000012e0       0x3c d:/program files/atmel/studio/7.0/toolchain/arm/arm-gnu-toolchain/bin/../lib/gcc/arm-none-eabi/6.3.1/../../../../arm-none-eabi/lib/thumb/v7e-m\libc_nano.a(lib_a-nano-reallocr.o)
 .debug_frame   0x0000131c       0x5c d:/program files/atmel/studio/7.0/toolchain/arm/arm-gnu-toolchain/bin/../lib/gcc/arm-none-eabi/6.3.1/../../../../arm-none-eabi/lib/thumb/v7e-m\libc_nano.a(lib_a-reent.o)
 .debug_frame   0x00001378       0x20 d:/program files/atmel/studio/7.0/toolchain/arm/arm-gnu-toolchain/bin/../lib/gcc/arm-none-eabi/6.3.1/../../../../arm-none-eabi/lib/thumb/v7e-m\libc_nano.a(lib_a-nano-msizer.o)
